1

2.000000 0.000000 0.000000
1.000000 1.732051 0.000000
0.000000 0.000000 3.266660
