2	1.000000	0.000000	0.000000	0.000000
2	0.999999	0.000000	0.000000	0.000000
Objective_function= Perfect_match
